Scope: all 2 workspace projects
? Verifying lockfile against supply-chain policies (980 entries)...
Lockfile is up to date, resolution step is skipped
Progress: resolved 1, reused 0, downloaded 0, added 0
Packages: +750
++++++++++++++++++++++++++++++++++++++++++++++++++++++++++++++++++++++++++++++++
Progress: resolved 750, reused 0, downloaded 0, added 0
Progress: resolved 750, reused 0, downloaded 1, added 0
Progress: resolved 750, reused 0, downloaded 62, added 0
Progress: resolved 750, reused 0, downloaded 78, added 4
Progress: resolved 750, reused 0, downloaded 116, added 4
Progress: resolved 750, reused 0, downloaded 160, added 8
Progress: resolved 750, reused 0, downloaded 229, added 12
Progress: resolved 750, reused 0, downloaded 305, added 20
Progress: resolved 750, reused 0, downloaded 388, added 24
✓ Lockfile passes supply-chain policies (980 entries in 14.9s)
Progress: resolved 750, reused 0, downloaded 500, added 34
Progress: resolved 750, reused 0, downloaded 746, added 54
Progress: resolved 750, reused 0, downloaded 749, added 459
Progress: resolved 750, reused 0, downloaded 749, added 749
Progress: resolved 750, reused 0, downloaded 750, added 749
Progress: resolved 750, reused 0, downloaded 750, added 750, done
.../node_modules/msgpackr-extract install$ node-gyp-build-optional-packages
.../node_modules/lefthook postinstall$ node postinstall.js
.../node_modules/workerd postinstall$ node install.js
.../esbuild@0.28.1/node_modules/esbuild postinstall$ node install.js
.../node_modules/lefthook postinstall: │  core.hooksPath is set globally to '/dev/null'
.../node_modules/lefthook postinstall: │  Installing hooks anyway in '/dev/null'
.../node_modules/lefthook postinstall: sync hooks: ❌
.../node_modules/lefthook postinstall: Error: could not replace the hook: stat /dev/null/pre-commit: not a directory
.../node_modules/lefthook postinstall: Done
.../node_modules/msgpackr-extract install: Done
.../esbuild@0.28.1/node_modules/esbuild postinstall: Done
.../node_modules/workerd postinstall: Done

dependencies:
+ @cloudflare/pages-plugin-cloudflare-access 1.0.5
+ @tanstack/react-query 5.101.4
+ @tanstack/react-router 1.170.18
+ @tanstack/react-router-devtools 1.167.0
+ @xyflow/react 12.11.2
+ clsx 2.1.1
+ dagre 0.8.5
+ dataloader 2.2.3
+ idb 8.0.3
+ lucide-react 1.28.0
+ msgpackr 2.0.5
+ react 19.2.8
+ react-dom 19.2.8
+ tailwind-merge 3.6.0
+ zustand 5.0.14

devDependencies:
+ @11ty/gray-matter 3.0.0
+ @biomejs/biome 2.5.6
+ @cloudflare/workers-types 5.20260804.1
+ @codecov/vite-plugin 2.0.1
+ @playwright/test 1.62.1
+ @tailwindcss/typography 0.5.20
+ @tailwindcss/vite 4.3.3
+ @tanstack/react-query-devtools 5.101.4
+ @tanstack/router-plugin 1.168.23
+ @tsconfig/strictest 2.0.8
+ @tsconfig/vite-react 8.1.1
+ @types/dagre 0.7.54
+ @types/node 26.1.2
+ @types/react 19.2.18
+ @types/react-dom 19.2.4
+ @types/wicg-file-system-access 2023.10.7
+ @vitejs/plugin-react 6.0.5
+ @vitest/browser 4.1.10
+ @vitest/browser-playwright 4.1.10
+ @vitest/coverage-v8 4.1.10
+ @vitest/ui 4.1.10
+ browserslist 4.28.7
+ bundlemon 3.1.0
+ fake-indexeddb 6.2.5
+ knip 6.31.0
+ lefthook 2.1.10
+ lightningcss 1.33.0
+ madge 8.0.0
+ oxlint 1.77.0
+ oxlint-tsgolint 7.0.2001
+ playwright 1.62.1
+ rollup-plugin-visualizer 7.0.1
+ sort-package-json 4.0.0
+ tailwindcss 4.3.3
+ typescript 7.0.2
+ vite 8.2.0
+ vite-plugin-pwa 1.3.0
+ vitest 4.1.10
+ vitest-browser-react 2.2.0
+ wrangler 4.118.0

. postinstall$ lefthook install || true
. postinstall: │  core.hooksPath is set globally to '/dev/null'
. postinstall: │  Custom hooks paths are not supported by default.
. postinstall: │
. postinstall: │  Reset core.hooksPath automatically:
. postinstall: │    lefthook install --reset-hooks-path
. postinstall: │
. postinstall: │  Remove it manually:
. postinstall: │     git config --unset-all --global core.hooksPath
. postinstall: │
. postinstall: │  Force installation into current hooks path:
. postinstall: │    lefthook install --force
. postinstall: │
. postinstall: │    Target:
. postinstall: │    /dev/null
. postinstall: Done
Done in 23.2s using pnpm v11.17.0
$ vite build
(!) Your Vite config uses features that are unsupported by `configLoader: 'native'`, which is planned to become the default in a future major version of Vite:
  - `__dirname` (vite.config.ts:16:34). Use `import.meta.dirname` instead
  - import "./vite-plugins/pokedata-plugin" without a file extension (vite.config.ts:12:32). Add the file extension
  - import "./vite-plugins/foundry-plugin" without a file extension (vite.config.ts:13:31). Add the file extension
Set `VITE_CONFIG_NATIVE_IGNORE_WARNING=true` to suppress this warning.
vite v8.2.0 building client environment for production...
[2Ktransforming...✓ 2532 modules transformed.
rendering chunks...
computing gzip size...
dist/data/pokedata.hash                                   0.06 kB
dist/registerSW.js                                        0.15 kB
dist/manifest.webmanifest                                 0.37 kB
dist/index.html                                           2.27 kB │ gzip:  0.81 kB
dist/data/foundry.json                                  181.19 kB │ gzip: 14.88 kB
dist/data/pokedata.msgpack                              488.66 kB
dist/assets/style-DEWJHjST.css                          171.01 kB │ gzip: 22.10 kB
dist/assets/query-BKjmdQnU.js                             0.22 kB │ gzip:  0.18 kB
dist/assets/rolldown-runtime-Dd_uD5pT.js                  1.10 kB │ gzip:  0.62 kB
dist/assets/Gen3SecretBaseDashboard-cq3fOs8E.js           1.27 kB │ gzip:  0.64 kB
dist/assets/Gen3StaticEncountersDashboard-CDg60T_Q.js     1.28 kB │ gzip:  0.64 kB
dist/assets/Gen2Checklist-D_Piq-0L.js                     1.75 kB │ gzip:  0.85 kB
dist/assets/icons-DHr1S_8T.js                             6.96 kB │ gzip:  2.55 kB
dist/assets/PokemonCatchProbability-CL6HgHV_.js           7.56 kB │ gzip:  2.80 kB
dist/assets/PokemonLocations-JbTTAdMP.js                 10.73 kB │ gzip:  4.10 kB
dist/assets/PokemonEvolutions-DJg4fidb.js                19.71 kB │ gzip:  5.13 kB
dist/assets/ShinyCarrierBreedingDashboard-CfTQ0dvj.js    62.72 kB │ gzip: 21.60 kB
dist/assets/GlobalRibbonChecklistDashboard-BjBAvxP9.js   69.25 kB │ gzip: 24.61 kB
dist/assets/router-kZHXad3c.js                           80.72 kB │ gzip: 26.33 kB
dist/assets/dag-CqcL1rxb.js                              90.28 kB │ gzip: 28.28 kB
dist/assets/react-DlC5bw1A.js                           178.26 kB │ gzip: 56.32 kB
dist/assets/index-D-GfbIMx.js                           179.49 kB │ gzip: 48.69 kB
dist/assets/BattleFrontierDashboard-Ds6DHOSX.js         223.80 kB │ gzip: 72.09 kB

✓ built in 1.38s

PWA v1.3.0
mode      generateSW
precache  25 entries (1656.68 KiB)
files generated
  dist/sw.js
  dist/workbox-dcde9eb3.js
